<html>
<body>
<pre>
<h1>µVision Build Log</h1>
<h2>Project:</h2>
C:\'H'ASSASSIN\Codeing\College Works\MicroControllers - BCS402\Program 5\LARGEST NUMBER\LARGE.uvproj
Project File Date:  04/28/2025

<h2>Output:</h2>
Build target 'Target 1'
linking...
Program Size: Code=60 RO-data=0 RW-data=0 ZI-data=0  
".\LARGE.axf" - 0 Error(s), 0 Warning(s).
</pre>
</body>
</html>
ram Size: Code=60 RO-data=0 RW-data=0 ZI-data=0  
".\LARGE.axf" - 0 Error(s), 1 Warning(s).
Warning(s).
Target not created
large.s(22): warning: A1447W: Missing END directive at end of file, but found a label named END
".\LARGE.axf" - 3 Error(s), 1 Warning(s).
Target not created
0): error: A1163E: Unknown opcode RES , expecting opcode or Macro
".\LARGE.axf" - 6 Error(s), 0 Warning(s).
Target not created
ile, but found a label named END
".\LARGE.axf" - 6 Error(s), 1 Warning(s).
Target not created
