<html>
<body>
<pre>
<h1>µVision Build Log</h1>
<h2>Project:</h2>
C:\Virtual Room\College Works\LABS\MC Lab BCS402\Program 2\Arithmetc_and_logical.uvproj
Project File Date:  04/30/2025

<h2>Output:</h2>
Build target 'Target 1'
assembling Prgm2.s...
Prgm2.s(18): warning: A1447W: Missing END directive at end of file, but found a label named END
linking...
Program Size: Code=52 RO-data=0 RW-data=0 ZI-data=0  
".\Arithmetc_and_logical.axf" - 0 Error(s), 1 Warning(s).
</pre>
</body>
</html>
