<html>
<body>
<pre>
<h1>µVision Build Log</h1>
<h2>Project:</h2>
C:\'H'ASSASSIN\Codeing\College Works\MicroControllers - BCS402\Program 4\ADD 16 BIT ARRAY AND STORE IN 32 BIT RAM\ADD.uvproj
Project File Date:  04/28/2025

<h2>Output:</h2>
Build target 'Target 1'
assembling add.s...
add.s(9): warning: A1447W: Missing END directive at end of file, but found a label named END
linking...
Program Size: Code=24 RO-data=0 RW-data=0 ZI-data=0  
".\ADD.axf" - 0 Error(s), 1 Warning(s).
</pre>
</body>
</html>
